
D:\ProgramProject\scm-platform>set JAVA_HOME=C:\Users\Deng\.jdks\graalvm-jdk-21.0.8 

D:\ProgramProject\scm-platform>set PATH=C:\Users\Deng\.jdks\graalvm-jdk-21.0.8\bin;C:\Build Application\VMware Workstation Pro\bin\;C:\Windows\system32;C:\Windows;C:\Windows\System32\Wbem;C:\Windows\System32\WindowsPowerShell\v1.0\;C:\Windows\System32\OpenSSH\;C:\Program Files (x86)\NVIDIA Corporation\PhysX\Common;C:\Program Files\dotnet\;C:\Program Files\Git\cmd;C:\Program Files\NVIDIA Corporation\NVIDIA App\NvDLISR;D:\BuildApplication\GitHub CLI\;C:\Program Files\nodejs\;C:\Build Application\VMware Workstation Pro\bin\;C:\Windows\system32;C:\Windows;C:\Windows\System32\Wbem;C:\Windows\System32\WindowsPowerShell\v1.0\;C:\Windows\System32\OpenSSH\;C:\Program Files (x86)\NVIDIA Corporation\PhysX\Common;C:\Program Files\dotnet\;C:\Program Files\Git\cmd;C:\Program Files\NVIDIA Corporation\NVIDIA App\NvDLISR;D:\BuildApplication\GitHub CLI\;C:\Program Files\nodejs\;C:\Users\Deng\AppData\Local\Programs\Python\Launcher\;C:\Build Application\VMware Workstation Pro\bin\;C:\Windows\system32;C:\Windows;C:\Windows\System32\Wbem;C:\Windows\System32\WindowsPowerShell\v1.0\;C:\Windows\System32\OpenSSH\;C:\Program Files (x86)\NVIDIA Corporation\PhysX\Common;C:\Program Files\dotnet\;C:\Program Files\Git\cmd;C:\Program Files\NVIDIA Corporation\NVIDIA App\NvDLISR;D:\BuildApplication\Node_js\;D:\BuildApplication\GitHub CLI\;C:\Users\Deng\AppData\Local\Microsoft\WindowsApps;C:\Build Application\JetBrains\Intellij IDEA\IntelliJ IDEA 2025.1.3\bin;C:\Build Application\JetBrains\DataGrip\DataGrip 2025.1.3\bin;C:\Build Application\JetBrains\Intellij IDEA\IntelliJ IDEA 2025.1.3\IntelliJ IDEA 2025.1\bin;;C:\Build Application\JetBrains\Intellij IDEA\IntelliJ IDEA 2025.1\plugins\maven\lib\maven3\bin;D:\BuildApplication\Microsoft VS Code\bin;C:\Users\Deng\.local\bin;C:\Users\Deng\AppData\Roaming\npm;C:\Program Files\nodejs 

D:\ProgramProject\scm-platform>call "C:\Users\Deng\.m2\wrapper\dists\apache-maven-3.9.12-bin\5nmfsn99br87k5d4ajlekdq10k\apache-maven-3.9.12\bin\mvn.cmd" clean compile -f com.scm.parent/pom.xml -DskipTests 
[INFO] Scanning for projects...
[WARNING] 
[WARNING] Some problems were encountered while building the effective model for com.frog:scm-common-data:jar:1.0.0-SNAPSHOT
[WARNING] 'dependencies.dependency.(groupId:artifactId:type:classifier)' must be unique: org.springframework.boot:spring-boot-starter-actuator:jar -> duplicate declaration of version (?) @ line 114, column 21
[WARNING] 
[WARNING] It is highly recommended to fix these problems because they threaten the stability of your build.
[WARNING] 
[WARNING] For this reason, future Maven versions might no longer support building such malformed projects.
[WARNING] 
[INFO] ------------------------------------------------------------------------
[INFO] Reactor Build Order:
[INFO] 
[INFO] SCM Platform                                                       [pom]
[INFO] SCM Common                                                         [pom]
[INFO] SCM Common Core                                                    [jar]
[INFO] SCM Common Security Core                                           [jar]
[INFO] SCM Common Security API                                            [jar]
[INFO] SCM Common Data                                                    [jar]
[INFO] SCM System                                                         [pom]
[INFO] SCM System API                                                     [jar]
[INFO] SCM Common Web                                                     [jar]
[INFO] SCM Common Monitoring                                              [jar]
[INFO] SCM Common Integration                                             [jar]
[INFO] SCM Gateway                                                        [jar]
[INFO] SCM Auth                                                           [jar]
[INFO] SCM System Service                                                 [jar]
[INFO] SCM Approval Service                                               [pom]
[INFO] SCM Approval API                                                   [jar]
[INFO] SCM Approval Service Implementation                                [jar]
[INFO] SCM Audit Service                                                  [pom]
[INFO] SCM Audit API                                                      [jar]
[INFO] SCM Audit Service Implementation                                   [jar]
[INFO] SCM Notification Service                                           [pom]
[INFO] SCM Notification API                                               [jar]
[INFO] SCM Notification Service Implementation                            [jar]
[INFO] SCM Tenant Service                                                 [pom]
[INFO] SCM Tenant API                                                     [jar]
[INFO] SCM Tenant Service Implementation                                  [jar]
[INFO] SCM Product Service                                                [pom]
[INFO] SCM Product API                                                    [jar]
[INFO] SCM Product Service Implementation                                 [jar]
[INFO] SCM Inventory Service                                              [pom]
[INFO] SCM Inventory API                                                  [jar]
[INFO] SCM Inventory Service Implementation                               [jar]
[INFO] SCM Order Service                                                  [pom]
[INFO] SCM Order API                                                      [jar]
[INFO] SCM Order Service Implementation                                   [jar]
[INFO] SCM Warehouse Service                                              [pom]
[INFO] SCM Warehouse API                                                  [jar]
[INFO] SCM Warehouse Service Implementation                               [jar]
[INFO] SCM Logistics Service                                              [pom]
[INFO] SCM Logistics API                                                  [jar]
[INFO] SCM Logistics Service Implementation                               [jar]
[INFO] SCM Purchase Service                                               [pom]
[INFO] SCM Purchase API                                                   [jar]
[INFO] SCM Purchase Service Implementation                                [jar]
[INFO] SCM Supplier Service                                               [pom]
[INFO] SCM Supplier API                                                   [jar]
[INFO] SCM Supplier Service Implementation                                [jar]
[INFO] SCM Finance Service                                                [pom]
[INFO] SCM Finance API                                                    [jar]
[INFO] SCM Finance Service Implementation                                 [jar]
[INFO] 
[INFO] -----------------------< com.frog:scm-platform >------------------------
[INFO] Building SCM Platform 1.0.0-SNAPSHOT                              [1/50]
[INFO]   from pom.xml
[INFO] --------------------------------[ pom ]---------------------------------
[INFO] 
[INFO] --- clean:3.4.1:clean (default-clean) @ scm-platform ---
[INFO] 
[INFO] --- enforcer:3.5.0:enforce (enforce-banned-dependencies) @ scm-platform ---
[INFO] Rule 0: org.apache.maven.enforcer.rules.dependency.BannedDependencies passed
[INFO] 
[INFO] ------------------------< com.frog:scm-common >-------------------------
[INFO] Building SCM Common 1.0.0-SNAPSHOT                                [2/50]
[INFO]   from D:\ProgramProject\scm-platform\scm-common\pom.xml
[INFO] --------------------------------[ pom ]---------------------------------
[INFO] 
[INFO] --- clean:3.4.1:clean (default-clean) @ scm-common ---
[INFO] 
[INFO] --- enforcer:3.5.0:enforce (enforce-banned-dependencies) @ scm-common ---
[INFO] Rule 0: org.apache.maven.enforcer.rules.dependency.BannedDependencies passed
[INFO] 
[INFO] ----------------------< com.frog:scm-common-core >----------------------
[INFO] Building SCM Common Core 1.0.0-SNAPSHOT                           [3/50]
[INFO]   from D:\ProgramProject\scm-platform\scm-common\core\pom.xml
[INFO] --------------------------------[ jar ]---------------------------------
[INFO] 
[INFO] --- clean:3.4.1:clean (default-clean) @ scm-common-core ---
[INFO] Deleting D:\ProgramProject\scm-platform\scm-common\core\target
[INFO] 
[INFO] --- enforcer:3.5.0:enforce (enforce-banned-dependencies) @ scm-common-core ---
[INFO] Rule 0: org.apache.maven.enforcer.rules.dependency.BannedDependencies passed
[INFO] 
[INFO] --- resources:3.3.1:resources (default-resources) @ scm-common-core ---
[INFO] skip non existing resourceDirectory D:\ProgramProject\scm-platform\scm-common\core\src\main\resources
[INFO] skip non existing resourceDirectory D:\ProgramProject\scm-platform\scm-common\core\src\main\resources
[INFO] 
[INFO] --- compiler:3.14.1:compile (default-compile) @ scm-common-core ---
[INFO] Recompiling the module because of changed source code.
[INFO] Compiling 24 source files with javac [debug parameters release 21] to target\classes
[INFO] 由于在类路径中发现了一个或多个处理程序，因此启用了
  批注处理。未来发行版的 javac 可能会禁用批注处理，
  除非至少按名称指定了一个处理程序 (-processor)，
  或指定了搜索路径 (--processor-path, --processor-module-path)，
  或显式启用了批注处理 (-proc:only, -proc:full)。
  可使用 -Xlint:-options 隐藏此消息。
  可使用 -proc:none 禁用批注处理。
[INFO] /D:/ProgramProject/scm-platform/scm-common/core/src/main/java/com/frog/common/tenant/TenantInterceptor.java: D:\ProgramProject\scm-platform\scm-common\core\src\main\java\com\frog\common\tenant\TenantInterceptor.java使用或覆盖了已过时的 API。
[INFO] /D:/ProgramProject/scm-platform/scm-common/core/src/main/java/com/frog/common/tenant/TenantInterceptor.java: 有关详细信息, 请使用 -Xlint:deprecation 重新编译。
[INFO] /D:/ProgramProject/scm-platform/scm-common/core/src/main/java/com/frog/common/tenant/TenantInterceptor.java: D:\ProgramProject\scm-platform\scm-common\core\src\main\java\com\frog\common\tenant\TenantInterceptor.java使用了未经检查或不安全的操作。
[INFO] /D:/ProgramProject/scm-platform/scm-common/core/src/main/java/com/frog/common/tenant/TenantInterceptor.java: 有关详细信息, 请使用 -Xlint:unchecked 重新编译。
[INFO] -------------------------------------------------------------
[ERROR] COMPILATION ERROR : 
[INFO] -------------------------------------------------------------
[ERROR] /D:/ProgramProject/scm-platform/scm-common/core/src/main/java/com/frog/common/tenant/TenantInterceptor.java:[221,15] 找不到符号
  符号:   方法 addColumn(net.sf.jsqlparser.schema.Column)
  位置: 类型为net.sf.jsqlparser.statement.insert.Insert的变量 insert
[ERROR] /D:/ProgramProject/scm-platform/scm-common/core/src/main/java/com/frog/common/tenant/TenantInterceptor.java:[230,19] 找不到符号
  符号:   方法 setValues(net.sf.jsqlparser.expression.operators.relational.ExpressionList)
  位置: 类型为net.sf.jsqlparser.statement.insert.Insert的变量 insert
[INFO] 2 errors 
[INFO] -------------------------------------------------------------
[INFO] ------------------------------------------------------------------------
[INFO] Reactor Summary for SCM Platform 1.0.0-SNAPSHOT:
[INFO] 
[INFO] SCM Platform ....................................... SUCCESS [  0.672 s]
[INFO] SCM Common ......................................... SUCCESS [  0.020 s]
[INFO] SCM Common Core .................................... FAILURE [  3.571 s]
[INFO] SCM Common Security Core ........................... SKIPPED
[INFO] SCM Common Security API ............................ SKIPPED
[INFO] SCM Common Data .................................... SKIPPED
[INFO] SCM System ......................................... SKIPPED
[INFO] SCM System API ..................................... SKIPPED
[INFO] SCM Common Web ..................................... SKIPPED
[INFO] SCM Common Monitoring .............................. SKIPPED
[INFO] SCM Common Integration ............................. SKIPPED
[INFO] SCM Gateway ........................................ SKIPPED
[INFO] SCM Auth ........................................... SKIPPED
[INFO] SCM System Service ................................. SKIPPED
[INFO] SCM Approval Service ............................... SKIPPED
[INFO] SCM Approval API ................................... SKIPPED
[INFO] SCM Approval Service Implementation ................ SKIPPED
[INFO] SCM Audit Service .................................. SKIPPED
[INFO] SCM Audit API ...................................... SKIPPED
[INFO] SCM Audit Service Implementation ................... SKIPPED
[INFO] SCM Notification Service ........................... SKIPPED
[INFO] SCM Notification API ............................... SKIPPED
[INFO] SCM Notification Service Implementation ............ SKIPPED
[INFO] SCM Tenant Service ................................. SKIPPED
[INFO] SCM Tenant API ..................................... SKIPPED
[INFO] SCM Tenant Service Implementation .................. SKIPPED
[INFO] SCM Product Service ................................ SKIPPED
[INFO] SCM Product API .................................... SKIPPED
[INFO] SCM Product Service Implementation ................. SKIPPED
[INFO] SCM Inventory Service .............................. SKIPPED
[INFO] SCM Inventory API .................................. SKIPPED
[INFO] SCM Inventory Service Implementation ............... SKIPPED
[INFO] SCM Order Service .................................. SKIPPED
[INFO] SCM Order API ...................................... SKIPPED
[INFO] SCM Order Service Implementation ................... SKIPPED
[INFO] SCM Warehouse Service .............................. SKIPPED
[INFO] SCM Warehouse API .................................. SKIPPED
[INFO] SCM Warehouse Service Implementation ............... SKIPPED
[INFO] SCM Logistics Service .............................. SKIPPED
[INFO] SCM Logistics API .................................. SKIPPED
[INFO] SCM Logistics Service Implementation ............... SKIPPED
[INFO] SCM Purchase Service ............................... SKIPPED
[INFO] SCM Purchase API ................................... SKIPPED
[INFO] SCM Purchase Service Implementation ................ SKIPPED
[INFO] SCM Supplier Service ............................... SKIPPED
[INFO] SCM Supplier API ................................... SKIPPED
[INFO] SCM Supplier Service Implementation ................ SKIPPED
[INFO] SCM Finance Service ................................ SKIPPED
[INFO] SCM Finance API .................................... SKIPPED
[INFO] SCM Finance Service Implementation ................. SKIPPED
[INFO] ------------------------------------------------------------------------
[INFO] BUILD FAILURE
[INFO] ------------------------------------------------------------------------
[INFO] Total time:  5.015 s
[INFO] Finished at: 2026-05-28T18:00:00+08:00
[INFO] ------------------------------------------------------------------------
[ERROR] Failed to execute goal org.apache.maven.plugins:maven-compiler-plugin:3.14.1:compile (default-compile) on project scm-common-core: Compilation failure: Compilation failure: 
[ERROR] /D:/ProgramProject/scm-platform/scm-common/core/src/main/java/com/frog/common/tenant/TenantInterceptor.java:[221,15] 找不到符号
[ERROR]   符号:   方法 addColumn(net.sf.jsqlparser.schema.Column)
[ERROR]   位置: 类型为net.sf.jsqlparser.statement.insert.Insert的变量 insert
[ERROR] /D:/ProgramProject/scm-platform/scm-common/core/src/main/java/com/frog/common/tenant/TenantInterceptor.java:[230,19] 找不到符号
[ERROR]   符号:   方法 setValues(net.sf.jsqlparser.expression.operators.relational.ExpressionList)
[ERROR]   位置: 类型为net.sf.jsqlparser.statement.insert.Insert的变量 insert
[ERROR] -> [Help 1]
[ERROR] 
[ERROR] To see the full stack trace of the errors, re-run Maven with the -e switch.
[ERROR] Re-run Maven using the -X switch to enable full debug logging.
[ERROR] 
[ERROR] For more information about the errors and possible solutions, please read the following articles:
[ERROR] [Help 1] http://cwiki.apache.org/confluence/display/MAVEN/MojoFailureException
[ERROR] 
[ERROR] After correcting the problems, you can resume the build with the command
[ERROR]   mvn <args> -rf :scm-common-core
